C:\Users\Guilh\Downloads\pdv\src\main\java\pdv\entity\Produto.java
C:\Users\Guilh\Downloads\pdv\src\main\java\pdv\controller\ProdutoController.java
C:\Users\Guilh\Downloads\pdv\src\main\java\pdv\entity\Venda.java
C:\Users\Guilh\Downloads\pdv\src\main\java\pdv\service\VendaService.java
C:\Users\Guilh\Downloads\pdv\src\main\java\pdv\repository\FuncionarioRepository.java
C:\Users\Guilh\Downloads\pdv\src\main\java\pdv\controller\VendaController.java
C:\Users\Guilh\Downloads\pdv\src\main\java\pdv\repository\ClienteRepository.java
C:\Users\Guilh\Downloads\pdv\src\main\java\pdv\controller\ClienteController.java
C:\Users\Guilh\Downloads\pdv\src\main\java\pdv\entity\Cliente.java
C:\Users\Guilh\Downloads\pdv\src\main\java\pdv\controller\FuncionarioController.java
C:\Users\Guilh\Downloads\pdv\src\main\java\pdv\service\FuncionarioService.java
C:\Users\Guilh\Downloads\pdv\src\main\java\pdv\repository\VendaRepository.java
C:\Users\Guilh\Downloads\pdv\src\main\java\pdv\service\ClienteService.java
C:\Users\Guilh\Downloads\pdv\src\main\java\pdv\Application.java
C:\Users\Guilh\Downloads\pdv\src\main\java\pdv\entity\Funcionario.java
C:\Users\Guilh\Downloads\pdv\src\main\java\pdv\service\ProdutoService.java
C:\Users\Guilh\Downloads\pdv\src\main\java\pdv\repository\ProdutoRepository.java
